<html>
<body>
<pre>
<h1>µVision Build Log</h1>
<h2>Tool Versions:</h2>
IDE-Version: µVision V5.21.1.0
Copyright (C) 2016 ARM Ltd and ARM Germany GmbH. All rights reserved.
License Information: Faculty of Engineering University of Regina Flex license: MDK-ARM Professional: 100 user(s) (mdk_pro) Operation stops: 22 Aug 2017
 
Tool Versions:
Toolchain:       MDK-ARM Professional: 100 user(s)  Version: 5.21a
Toolchain Path:  C:\Keil_v5\ARM\ARMCC\Bin
C Compiler:      Armcc.exe V5.06 update 3 (build 300)
Assembler:       Armasm.exe V5.06 update 3 (build 300)
Linker/Locator:  ArmLink.exe V5.06 update 3 (build 300)
Library Manager: ArmAr.exe V5.06 update 3 (build 300)
Hex Converter:   FromElf.exe V5.06 update 3 (build 300)
CPU DLL:         SARMCM3.DLL V5.21a
Dialog DLL:      DCM.DLL V1.13.8.0
Target DLL:      STLink\ST-LINKIII-KEIL_SWO.dll V2.0.18.0
Dialog DLL:      TCM.DLL V1.14.14.0
 
<h2>Project:</h2>
C:\Users\oludirad\Desktop\mars\387proj.uvprojx
Project File Date:  04/04/2017

<h2>Output:</h2>
*** Using Compiler 'V5.06 update 3 (build 300)', folder: 'C:\Keil_v5\ARM\ARMCC\Bin'
Rebuild target 'Target 1'
compiling main.c...
clocks.h(17): warning:  #1-D: last line of file ends without a newline
  void clockInit(void);
io.h(28): warning:  #1-D: last line of file ends without a newline
  void move_back(void);
remote.h(17): warning:  #1-D: last line of file ends without a newline
  void show_hex(uint16_t hexval);
trig.h(7): warning:  #1-D: last line of file ends without a newline
  void Display_dist(uint16_t dist);
main.c(101): warning:  #1-D: last line of file ends without a newline
  }
main.c: 5 warnings, 0 errors
compiling io.c...
io.h(28): warning:  #1-D: last line of file ends without a newline
  void move_back(void);
io.c(142): warning:  #1-D: last line of file ends without a newline
  } 
io.c: 2 warnings, 0 errors
compiling lcd.c...
io.h(28): warning:  #1-D: last line of file ends without a newline
  void move_back(void);
trig.h(7): warning:  #1-D: last line of file ends without a newline
  void Display_dist(uint16_t dist);
lcd.c(90): warning:  #1-D: last line of file ends without a newline
  }
lcd.c: 3 warnings, 0 errors
compiling remote.c...
remote.h(17): warning:  #1-D: last line of file ends without a newline
  void show_hex(uint16_t hexval);
remote.c(68): warning:  #177-D: variable "i" was declared but never referenced
  	int i;
remote.c: 2 warnings, 0 errors
compiling trig.c...
trig.h(7): warning:  #1-D: last line of file ends without a newline
  void Display_dist(uint16_t dist);
remote.h(17): warning:  #1-D: last line of file ends without a newline
  void show_hex(uint16_t hexval);
trig.c(47): warning:  #550-D: variable "period" was set but never used
  uint16_t period;
trig.c: 3 warnings, 0 errors
compiling clocks.c...
clocks.h(17): warning:  #1-D: last line of file ends without a newline
  void clockInit(void);
clocks.c: 1 warning, 0 errors
assembling startup_stm32f10x_md_vl.s...
compiling system_stm32f10x.c...
linking...
Program Size: Code=2524 RO-data=320 RW-data=12 ZI-data=1636  
".\Objects\387proj.axf" - 0 Error(s), 16 Warning(s).

<h2>Software Packages used:</h2>

Package Vendor: ARM
                http://www.keil.com/pack/ARM.CMSIS.5.0.0-Beta12.pack
                ARM::CMSIS:CORE:5.0.0
                CMSIS (Cortex Microcontroller Software Interface Standard)
   * Component: CORE Version: 5.0.0

Package Vendor: Keil
                http://www.keil.com/pack/Keil.STM32F1xx_DFP.2.1.0.pack
                Keil::Device:Startup:1.0.0
                STMicroelectronics STM32F1 Series Device Support, Drivers and Examples
   * Component: Startup Version: 1.0.0

<h2>Collection of Component include folders:</h2>
  C:\Users\oludirad\Desktop\mars\RTE
  C:\Users\oludirad\Desktop\mars\RTE\Device\STM32F100RB
  C:\Keil_v5\ARM\PACK\ARM\CMSIS\5.0.0-Beta12\CMSIS\Include
  C:\Keil_v5\ARM\PACK\Keil\STM32F1xx_DFP\2.1.0\Device\Include

<h2>Collection of Component Files used:</h2>

   * Component: ARM::CMSIS:CORE:5.0.0

   * Component: Keil::Device:Startup:1.0.0
      Source file:   Device\Source\ARM\STM32F1xx_OPT.s
      Source file:   Device\Source\ARM\startup_stm32f10x_md_vl.s
      Source file:   Device\Source\system_stm32f10x.c
      Include file:  RTE_Driver\Config\RTE_Device.h
Build Time Elapsed:  00:00:02
</pre>
</body>
</html>
